shane on shane-desktop in /mnt/shanes-ssd-1tb/code/shane/auto-re at main ✗
shane on shane-desktop in /mnt/shanes-ssd-1tb/code/shane/auto-re at main ✗
✓ Validating lock 1 files                                                                                           8ms
✓ Configuring shell                                                                                                10ms
  └ ✓ Configuring cachix                                                                                            1ms
  └ ✓ Evaluating shell cached                                                                                       3ms
✓ Loading tasks                                                                                                     1ms
shane on shane-desktop in /mnt/shanes-ssd-1tb/code/shane/auto-re at main ✗
(devenv) ❯ cargo run 2>&1 | tee .omo/evidence/f3-tui.log
   Compiling auto-re v0.1.0 (/mnt/shanes-ssd-1tb/code/shane/auto-re)
warning: enum `Event` is never used
 --> src/event.rs:5:10
  |
5 | pub enum Event {
  |          ^^^^^
  |
  = note: `#[warn(dead_code)]` (part of `#[warn(unused)]`) on by default

warning: associated functions `render`, `key_down`, `mouse_click`, and `widget_state_changed` are never used
  --> src/event.rs:21:12
   |
19 | impl Event {
   | ---------- associated functions in this implementation
20 |     /// Creates a new Render event.
21 |     pub fn render() -> Self {
   |            ^^^^^^
...
26 |     pub fn key_down(key: KeyCode) -> Self {
   |            ^^^^^^^^
...
31 |     pub fn mouse_click(kind: MouseEventKind) -> Self {
   |            ^^^^^^^^^^^
...
36 |     pub fn widget_state_changed() -> Self {
   |            ^^^^^^^^^^^^^^^^^^^^

warning: `auto-re` (lib) generated 2 warnings
    Finished `dev` profile [unoptimized + debuginfo] target(s) in 2.54s
     Running `target/debug/auto-re`
(devenv) ❯






 👁  devenv watching 31 files                                                                           Ctrl-Alt-D pause
