=== Task 11: SQLite with atomic txns, no DB-IDs, ProjectStore ===
=== Date: 2026-07-17T13:58:57-04:00 ===

=== cargo test -p autore-store ===
    Finished `test` profile [unoptimized + debuginfo] target(s) in 0.18s
     Running unittests src/lib.rs (target/debug/deps/autore_store-19a1f6156994faa2)

running 29 tests
test storage::database::tests::domain_has_no_external_imports ... ok
test storage::database::tests::repository_traits_compile ... ok
test storage::project_store::tests::project_store_get_not_found ... ok
test storage::database::tests::foreign_keys_are_enforced ... ok
test storage::database::tests::transaction_rollback_on_drop ... ok
test storage::database::tests::lint_schema_no_db_ids ... ok
test storage::project_store::tests::project_store_insert_duplicate_fails ... ok
test storage::database::tests::transaction_rollback_on_error ... ok
test storage::database::tests::database_connection_works ... ok
test storage::database::tests::migrations_apply_cleanly ... ok
test storage::database::tests::foreign_keys_pragma_on ... ok
test storage::database::tests::migrations_are_idempotent ... ok
test storage::project_store::tests::project_store_insert_and_get ... ok
test storage::project_store::tests::project_store_list_projects ... ok
test storage::project_store::tests::project_store_list_pagination ... ok
test storage::database::tests::transaction_commit_persists ... ok
test storage::database::tests::next_project_event_sequence_with_table ... ok
test storage::database::tests::database_opens_new_file ... ok
test storage::project_store::tests::project_store_trait_object ... ok
test storage::project_store::tests::project_store_roundtrip_with_metadata ... ok
test storage::repositories::task::tests::task_repository_create_and_fetch ... ok
test storage::repositories::task::tests::complete_is_idempotent ... ok
test storage::repositories::task::tests::artifact_reference_integrity ... ok
test storage::repositories::task::tests::task_repository_complete_updates_state_and_claims ... ok
test storage::repositories::task::tests::concurrent_lease_exactly_one_wins ... ok
test storage::repositories::task::tests::task_repository_fail_increments_attempt_count ... ok
test storage::repositories::task::tests::expired_lease_is_reclaimed ... ok
test storage::repositories::task::tests::task_repository_lease_next_returns_ready_task ... ok
test storage::repositories::task::tests::task_repository_lease_next_respects_dependencies ... ok

test result: ok. 29 passed; 0 failed; 0 ignored; 0 measured; 0 filtered out; finished in 0.08s

     Running tests/migration_smoke.rs (target/debug/deps/migration_smoke-d88f373a45b4f1e5)

running 1 test
test migration_runs_v1_then_v2 ... ok

test result: ok. 1 passed; 0 failed; 0 ignored; 0 measured; 0 filtered out; finished in 0.01s

   Doc-tests autore_store

running 0 tests

test result: ok. 0 passed; 0 failed; 0 ignored; 0 measured; 0 filtered out; finished in 0.00s


=== cargo test -p autore-store -- project_store_ ===
    Finished `test` profile [unoptimized + debuginfo] target(s) in 0.17s
     Running unittests src/lib.rs (target/debug/deps/autore_store-19a1f6156994faa2)

running 7 tests
test storage::project_store::tests::project_store_trait_object ... ok
test storage::project_store::tests::project_store_roundtrip_with_metadata ... ok
test storage::project_store::tests::project_store_list_projects ... ok
test storage::project_store::tests::project_store_insert_and_get ... ok
test storage::project_store::tests::project_store_insert_duplicate_fails ... ok
test storage::project_store::tests::project_store_get_not_found ... ok
test storage::project_store::tests::project_store_list_pagination ... ok

test result: ok. 7 passed; 0 failed; 0 ignored; 0 measured; 22 filtered out; finished in 0.03s

     Running tests/migration_smoke.rs (target/debug/deps/migration_smoke-d88f373a45b4f1e5)

running 0 tests

test result: ok. 0 passed; 0 failed; 0 ignored; 0 measured; 1 filtered out; finished in 0.00s

   Doc-tests autore_store

running 0 tests

test result: ok. 0 passed; 0 failed; 0 ignored; 0 measured; 0 filtered out; finished in 0.00s


=== cargo test -p autore-store -- transaction_rollback_on_error ===
    Finished `test` profile [unoptimized + debuginfo] target(s) in 0.19s
     Running unittests src/lib.rs (target/debug/deps/autore_store-19a1f6156994faa2)

running 1 test
test storage::database::tests::transaction_rollback_on_error ... ok

test result: ok. 1 passed; 0 failed; 0 ignored; 0 measured; 28 filtered out; finished in 0.01s

     Running tests/migration_smoke.rs (target/debug/deps/migration_smoke-d88f373a45b4f1e5)

running 0 tests

test result: ok. 0 passed; 0 failed; 0 ignored; 0 measured; 1 filtered out; finished in 0.00s

   Doc-tests autore_store

running 0 tests

test result: ok. 0 passed; 0 failed; 0 ignored; 0 measured; 0 filtered out; finished in 0.00s


=== cargo test -p autore-store -- lint_schema_no_db_ids ===
    Finished `test` profile [unoptimized + debuginfo] target(s) in 0.18s
     Running unittests src/lib.rs (target/debug/deps/autore_store-19a1f6156994faa2)

running 1 test
test storage::database::tests::lint_schema_no_db_ids ... ok

test result: ok. 1 passed; 0 failed; 0 ignored; 0 measured; 28 filtered out; finished in 0.01s

     Running tests/migration_smoke.rs (target/debug/deps/migration_smoke-d88f373a45b4f1e5)

running 0 tests

test result: ok. 0 passed; 0 failed; 0 ignored; 0 measured; 1 filtered out; finished in 0.00s

   Doc-tests autore_store

running 0 tests

test result: ok. 0 passed; 0 failed; 0 ignored; 0 measured; 0 filtered out; finished in 0.00s


=== cargo test -p autore-store -- foreign_keys_pragma_on ===
    Finished `test` profile [unoptimized + debuginfo] target(s) in 0.18s
     Running unittests src/lib.rs (target/debug/deps/autore_store-19a1f6156994faa2)

running 1 test
test storage::database::tests::foreign_keys_pragma_on ... ok

test result: ok. 1 passed; 0 failed; 0 ignored; 0 measured; 28 filtered out; finished in 0.01s

     Running tests/migration_smoke.rs (target/debug/deps/migration_smoke-d88f373a45b4f1e5)

running 0 tests

test result: ok. 0 passed; 0 failed; 0 ignored; 0 measured; 1 filtered out; finished in 0.00s

   Doc-tests autore_store

running 0 tests

test result: ok. 0 passed; 0 failed; 0 ignored; 0 measured; 0 filtered out; finished in 0.00s


=== cargo build --workspace ===
    Finished `dev` profile [unoptimized + debuginfo] target(s) in 0.22s

=== cargo test -p autore-stage1 ===
    Finished `test` profile [unoptimized + debuginfo] target(s) in 0.22s
     Running unittests src/lib.rs (target/debug/deps/autore_stage1-e765158ca72ef5d4)

running 35 tests
test analysis::mock::tests::mock_backend_inventory_returns_ten_functions ... ok
test analysis::packet::tests::packet_builder_uses_mock_backend ... ok
test analysis::mock::tests::mock_backend_analyze_is_deterministic ... ok
test analysis::mock::tests::unsupported_capability_returns_error ... ok
test cli::tests::cli_no_subcommand_no_tui ... ok
test analysis::mock::tests::mock_backend_capabilities ... ok
test analysis::packet::tests::packet_is_deterministic ... ok
test analysis::packet::tests::packet_hashes_equal_for_equal_input ... ok
test analysis::packet::tests::packet_is_serializable ... ok
test model::router::tests::model_router_enforces_concurrency_limits ... ok
test model::mock::tests::mock_provider_descriptor_capabilities ... ok
test model::mock::tests::mock_provider_lists_models ... ok
test model::router::tests::model_router_errors_on_missing_class ... ok
test model::router::tests::model_router_selects_by_class ... ok
test model::mock::tests::mock_provider_cancels_on_token ... ok
test scheduler::scheduler::tests::campaign_tests::scheduler_evaluates_complete ... ok
test scheduler::scheduler::tests::campaign_tests::scheduler_idle_sleeps ... ok
test model::mock::tests::mock_provider_complete_returns_valid_json ... ok
test scheduler::scheduler::tests::campaign_tests::scheduler_invalidates_stale_work ... ok
test scheduler::scheduler::tests::priority_score_is_stable ... ok
test scheduler::scheduler::tests::priority_factors_are_inspectable ... ok
test scheduler::scheduler::tests::campaign_tests::scheduler_recovers_expired_lease ... ok
test scheduler::scheduler::tests::campaign_tests::scheduler_respects_dependencies ... ok
test scheduler::scheduler::tests::priority_score_verification_bonus ... ok
test cli::tests::cli_task_status_missing_id_errors ... ok
test scheduler::scheduler::tests::scheduler_score_tasks_batch ... ok
test cli::tests::cli_campaign_status_runs ... ok
test cli::tests::cli_task_list_runs ... ok
test cli::tests::cli_task_status_nonexistent_id_errors ... ok
test cli::tests::cli_task_status_invalid_uuid_errors ... ok
test cli::tests::cli_campaign_status_with_nonexistent_id ... ok
test worker::runner::tests::worker_times_out ... ok
test worker::runner::tests::worker_cancels_on_token ... ok
test worker::runner::tests::worker_rejects_malformed_schema ... ok
test worker::runner::tests::worker_runs_valid_output_to_claims ... ok

test result: ok. 35 passed; 0 failed; 0 ignored; 0 measured; 0 filtered out; finished in 0.30s

     Running unittests src/main.rs (target/debug/deps/auto_re_stage1-704d6d3b19d2d07c)

running 0 tests

test result: ok. 0 passed; 0 failed; 0 ignored; 0 measured; 0 filtered out; finished in 0.00s

     Running tests/campaign_smoke.rs (target/debug/deps/campaign_smoke-341694ae30dfee53)

running 4 tests
test campaign_smoke_updates_tui ... ok
test campaign_smoke_analyzes_all_functions ... ok
test campaign_smoke_produces_claims ... ok
test campaign_smoke_completes ... ok

test result: ok. 4 passed; 0 failed; 0 ignored; 0 measured; 0 filtered out; finished in 0.37s

     Running tests/kill_resume.rs (target/debug/deps/kill_resume-48875b1255b8a597)

running 3 tests
test kill_resume_no_duplicate_claims ... ok
test accepted_claims_persist_after_kill ... ok
test campaign_completes_after_resume ... ok

test result: ok. 3 passed; 0 failed; 0 ignored; 0 measured; 0 filtered out; finished in 0.99s

   Doc-tests autore_stage1

running 0 tests

test result: ok. 0 passed; 0 failed; 0 ignored; 0 measured; 0 filtered out; finished in 0.00s

