=== Task 16 Evidence: ProviderEntityAlias + NativeArtifact stores ===
Date: 2026-07-17T19:01:13Z

=== cargo build --workspace ===
   Compiling autore-store v0.1.0 (/mnt/shanes-ssd-1tb/code/shane/auto-re/autore-store)
   Compiling autore-stage1 v0.1.0 (/mnt/shanes-ssd-1tb/code/shane/auto-re/autore-stage1)
   Compiling autore-app v0.1.0 (/mnt/shanes-ssd-1tb/code/shane/auto-re/autore-app)
    Finished `dev` profile [unoptimized + debuginfo] target(s) in 4.31s

=== cargo test -p autore-store -- alias_store_ ===
   Compiling autore-store v0.1.0 (/mnt/shanes-ssd-1tb/code/shane/auto-re/autore-store)
    Finished `test` profile [unoptimized + debuginfo] target(s) in 3.12s
     Running unittests src/lib.rs (target/debug/deps/autore_store-1f5c3f4090dd6c75)

running 8 tests
test storage::alias_store::tests::alias_store_find_not_found ... ok
test storage::alias_store::tests::alias_store_trait_object ... ok
test storage::alias_store::tests::alias_store_fk_entity_enforced ... ok
test storage::alias_store::tests::alias_store_fk_run_enforced ... ok
test storage::alias_store::tests::alias_store_list_for_run ... ok
test storage::alias_store::tests::alias_store_insert_and_find ... ok
test storage::alias_store::tests::alias_store_unique_constraint ... ok
test storage::alias_store::tests::alias_store_list_for_entity ... ok

test result: ok. 8 passed; 0 failed; 0 ignored; 0 measured; 71 filtered out; finished in 0.04s

     Running tests/migration_smoke.rs (target/debug/deps/migration_smoke-ca5206c104fb2a29)

running 0 tests

test result: ok. 0 passed; 0 failed; 0 ignored; 0 measured; 1 filtered out; finished in 0.00s

   Doc-tests autore_store

running 0 tests

test result: ok. 0 passed; 0 failed; 0 ignored; 0 measured; 0 filtered out; finished in 0.00s


=== cargo test -p autore-store -- native_artifact_store_ ===
    Finished `test` profile [unoptimized + debuginfo] target(s) in 0.18s
     Running unittests src/lib.rs (target/debug/deps/autore_store-1f5c3f4090dd6c75)

running 7 tests
test storage::alias_store::tests::native_artifact_store_fk_run_enforced ... ok
test storage::alias_store::tests::native_artifact_store_list_by_subject_entity ... ok
test storage::alias_store::tests::native_artifact_store_get_not_found ... ok
test storage::alias_store::tests::native_artifact_store_insert_and_get ... ok
test storage::alias_store::tests::native_artifact_store_fk_artifact_enforced ... ok
test storage::alias_store::tests::native_artifact_store_list_by_run ... ok
test storage::alias_store::tests::native_artifact_store_null_description_empty_entities ... ok

test result: ok. 7 passed; 0 failed; 0 ignored; 0 measured; 72 filtered out; finished in 0.04s

     Running tests/migration_smoke.rs (target/debug/deps/migration_smoke-ca5206c104fb2a29)

running 0 tests

test result: ok. 0 passed; 0 failed; 0 ignored; 0 measured; 1 filtered out; finished in 0.00s

   Doc-tests autore_store

running 0 tests

test result: ok. 0 passed; 0 failed; 0 ignored; 0 measured; 0 filtered out; finished in 0.00s


=== cargo test -p autore-stage1 ===
   Compiling autore-stage1 v0.1.0 (/mnt/shanes-ssd-1tb/code/shane/auto-re/autore-stage1)
    Finished `test` profile [unoptimized + debuginfo] target(s) in 4.20s
     Running unittests src/lib.rs (target/debug/deps/autore_stage1-928abaf8d9f04fc2)

running 35 tests
test analysis::mock::tests::mock_backend_capabilities ... ok
test cli::tests::cli_no_subcommand_no_tui ... ok
test analysis::mock::tests::unsupported_capability_returns_error ... ok
test analysis::mock::tests::mock_backend_analyze_is_deterministic ... ok
test analysis::mock::tests::mock_backend_inventory_returns_ten_functions ... ok
test analysis::packet::tests::packet_hashes_equal_for_equal_input ... ok
test analysis::packet::tests::packet_is_deterministic ... ok
test analysis::packet::tests::packet_builder_uses_mock_backend ... ok
test analysis::packet::tests::packet_is_serializable ... ok
test model::mock::tests::mock_provider_descriptor_capabilities ... ok
test model::router::tests::model_router_enforces_concurrency_limits ... ok
test model::router::tests::model_router_errors_on_missing_class ... ok
test model::mock::tests::mock_provider_lists_models ... ok
test model::router::tests::model_router_selects_by_class ... ok
test model::mock::tests::mock_provider_cancels_on_token ... ok
test cli::tests::cli_task_status_missing_id_errors ... ok
test scheduler::scheduler::tests::campaign_tests::scheduler_idle_sleeps ... ok
test scheduler::scheduler::tests::campaign_tests::scheduler_evaluates_complete ... ok
test scheduler::scheduler::tests::priority_score_is_stable ... ok
test scheduler::scheduler::tests::priority_factors_are_inspectable ... ok
test scheduler::scheduler::tests::campaign_tests::scheduler_recovers_expired_lease ... ok
test scheduler::scheduler::tests::campaign_tests::scheduler_invalidates_stale_work ... ok
test scheduler::scheduler::tests::priority_score_verification_bonus ... ok
test scheduler::scheduler::tests::campaign_tests::scheduler_respects_dependencies ... ok
test scheduler::scheduler::tests::scheduler_score_tasks_batch ... ok
test model::mock::tests::mock_provider_complete_returns_valid_json ... ok
test cli::tests::cli_task_status_nonexistent_id_errors ... ok
test cli::tests::cli_campaign_status_runs ... ok
test cli::tests::cli_task_list_runs ... ok
test cli::tests::cli_task_status_invalid_uuid_errors ... ok
test cli::tests::cli_campaign_status_with_nonexistent_id ... ok
test worker::runner::tests::worker_cancels_on_token ... ok
test worker::runner::tests::worker_times_out ... ok
test worker::runner::tests::worker_rejects_malformed_schema ... ok
test worker::runner::tests::worker_runs_valid_output_to_claims ... ok

test result: ok. 35 passed; 0 failed; 0 ignored; 0 measured; 0 filtered out; finished in 0.30s

     Running unittests src/main.rs (target/debug/deps/auto_re_stage1-cb4ea6123d4e62f6)

running 0 tests

test result: ok. 0 passed; 0 failed; 0 ignored; 0 measured; 0 filtered out; finished in 0.00s

     Running tests/campaign_smoke.rs (target/debug/deps/campaign_smoke-e5f46a939e163ed4)

running 4 tests
test campaign_smoke_analyzes_all_functions ... ok
test campaign_smoke_completes ... ok
test campaign_smoke_produces_claims ... ok
test campaign_smoke_updates_tui ... ok

test result: ok. 4 passed; 0 failed; 0 ignored; 0 measured; 0 filtered out; finished in 0.39s

     Running tests/kill_resume.rs (target/debug/deps/kill_resume-92bd313242e1be4a)

running 3 tests
test kill_resume_no_duplicate_claims ... ok
test campaign_completes_after_resume ... ok
test accepted_claims_persist_after_kill ... ok

test result: ok. 3 passed; 0 failed; 0 ignored; 0 measured; 0 filtered out; finished in 1.00s

   Doc-tests autore_stage1

running 0 tests

test result: ok. 0 passed; 0 failed; 0 ignored; 0 measured; 0 filtered out; finished in 0.00s


=== cargo test -p autore-schema -- provider_entity_alias native_artifact native_format ===
    Finished `test` profile [unoptimized + debuginfo] target(s) in 0.17s
     Running unittests src/lib.rs (target/debug/deps/autore_schema-389958183ce38f9b)

running 4 tests
test domain::records::tests::native_format_constants_registered ... ok
test domain::records::tests::provider_entity_alias_round_trip_json ... ok
test domain::records::tests::native_artifact_no_subjects_no_description ... ok
test domain::records::tests::native_artifact_round_trip_json ... ok

test result: ok. 4 passed; 0 failed; 0 ignored; 0 measured; 185 filtered out; finished in 0.00s

   Doc-tests autore_schema

running 0 tests

test result: ok. 0 passed; 0 failed; 0 ignored; 0 measured; 0 filtered out; finished in 0.00s

