    Finished `test` profile [unoptimized + debuginfo] target(s) in 0.22s
     Running unittests src/lib.rs (target/debug/deps/autore_tui-60ee8ce86b3d3044)

running 12 tests
test tui::tests::tui_navigation_jk_up_down_wraps ... ok
test runtime::tests::tui_updates_on_task_state_change ... ok
test tui::tests::tui_dashboard_quits_on_q ... ok
test runtime::tests::tui_updates_on_new_claim ... ok
test tui::tests::tui_dashboard_navigation ... ok
test tui::tests::tui_q_quits_cleanly ... ok
test tui::tests::tui_dashboard_empty_state ... ok
test tui::tests::tui_startup_renders_empty ... ok
test tui::tests::tui_primary_panels_present ... ok
test tui::tests::tui_dashboard_shows_campaigns ... ok
test tui::tests::tui_dashboard_renders ... ok
test runtime::tests::tui_does_not_block_scheduler ... ok

test result: ok. 12 passed; 0 failed; 0 ignored; 0 measured; 0 filtered out; finished in 0.02s

     Running tests/pty_smoke.rs (target/debug/deps/pty_smoke-93449d5a6175a358)

running 1 test
test pty_smoke_compiles ... ok

test result: ok. 1 passed; 0 failed; 0 ignored; 0 measured; 0 filtered out; finished in 0.28s

     Running tests/regression.rs (target/debug/deps/regression-f7b078849fe9fbf2)

running 2 tests
test tui_shutdown_restores_terminal ... ok
test tui_panic_restores_terminal ... ok

test result: ok. 2 passed; 0 failed; 0 ignored; 0 measured; 0 filtered out; finished in 0.00s

   Doc-tests autore_tui

running 0 tests

test result: ok. 0 passed; 0 failed; 0 ignored; 0 measured; 0 filtered out; finished in 0.00s

