=== Task 15: Provider + ProviderRun + EnvironmentIdentity + ProviderStore ===
Date: 2026-07-17T18:50:17Z

--- cargo build --workspace ---
   Compiling autore-app v0.1.0 (/mnt/shanes-ssd-1tb/code/shane/auto-re/autore-app)
    Finished `dev` profile [unoptimized + debuginfo] target(s) in 0.34s

--- cargo test -p autore-store -- provider_store_ ---
test storage::provider_store::tests::provider_store_trait_object ... ok
test storage::provider_store::tests::provider_store_get_not_found ... ok
test storage::provider_store::tests::provider_store_start_and_get_run ... ok
test storage::provider_store::tests::provider_store_fk_enforced ... ok
test storage::provider_store::tests::provider_store_complete_run_not_found ... ok
test storage::provider_store::tests::provider_store_list_providers ... ok
test storage::provider_store::tests::provider_store_insert_and_get ... ok
test storage::provider_store::tests::provider_store_list_runs_filter_by_provider ... ok
test storage::provider_store::tests::provider_store_fk_project_enforced ... ok
test storage::provider_store::tests::provider_store_list_runs_filter_by_status ... ok
test storage::provider_store::tests::provider_store_complete_run ... ok
test storage::provider_store::tests::provider_store_list_runs_pagination ... ok
test result: ok. 12 passed; 0 failed; 0 ignored; 0 measured; 52 filtered out; finished in 0.05s
test result: ok. 0 passed; 0 failed; 0 ignored; 0 measured; 1 filtered out; finished in 0.00s
test result: ok. 0 passed; 0 failed; 0 ignored; 0 measured; 0 filtered out; finished in 0.00s

--- cargo test -p autore-store -- provider_run_state_transitions ---
test storage::provider_store::tests::provider_run_state_transitions_reject_invalid ... ok
test storage::provider_store::tests::provider_run_state_transitions ... ok
test result: ok. 2 passed; 0 failed; 0 ignored; 0 measured; 62 filtered out; finished in 0.02s
test result: ok. 0 passed; 0 failed; 0 ignored; 0 measured; 1 filtered out; finished in 0.00s
test result: ok. 0 passed; 0 failed; 0 ignored; 0 measured; 0 filtered out; finished in 0.00s

--- cargo test -p autore-store -- provider_store_fk_enforced ---
test storage::provider_store::tests::provider_store_fk_enforced ... ok
test result: ok. 1 passed; 0 failed; 0 ignored; 0 measured; 63 filtered out; finished in 0.01s
test result: ok. 0 passed; 0 failed; 0 ignored; 0 measured; 1 filtered out; finished in 0.00s
test result: ok. 0 passed; 0 failed; 0 ignored; 0 measured; 0 filtered out; finished in 0.00s

--- cargo test -p autore-stage1 ---
test result: ok. 35 passed; 0 failed; 0 ignored; 0 measured; 0 filtered out; finished in 0.29s
test result: ok. 0 passed; 0 failed; 0 ignored; 0 measured; 0 filtered out; finished in 0.00s
test result: ok. 4 passed; 0 failed; 0 ignored; 0 measured; 0 filtered out; finished in 0.37s
test result: ok. 3 passed; 0 failed; 0 ignored; 0 measured; 0 filtered out; finished in 1.00s
test result: ok. 0 passed; 0 failed; 0 ignored; 0 measured; 0 filtered out; finished in 0.00s

--- cargo test --workspace (summary) ---
test result: ok. 4 passed; 0 failed; 0 ignored; 0 measured; 0 filtered out; finished in 0.05s
test result: ok. 0 passed; 0 failed; 0 ignored; 0 measured; 0 filtered out; finished in 0.00s
test result: ok. 66 passed; 0 failed; 0 ignored; 0 measured; 0 filtered out; finished in 0.00s
test result: ok. 0 passed; 0 failed; 0 ignored; 0 measured; 0 filtered out; finished in 0.00s
test result: ok. 185 passed; 0 failed; 0 ignored; 0 measured; 0 filtered out; finished in 0.29s
test result: ok. 35 passed; 0 failed; 0 ignored; 0 measured; 0 filtered out; finished in 0.29s
test result: ok. 0 passed; 0 failed; 0 ignored; 0 measured; 0 filtered out; finished in 0.00s
test result: ok. 4 passed; 0 failed; 0 ignored; 0 measured; 0 filtered out; finished in 0.35s
test result: ok. 3 passed; 0 failed; 0 ignored; 0 measured; 0 filtered out; finished in 1.00s
test result: ok. 64 passed; 0 failed; 0 ignored; 0 measured; 0 filtered out; finished in 0.23s
test result: ok. 1 passed; 0 failed; 0 ignored; 0 measured; 0 filtered out; finished in 0.01s
test result: ok. 12 passed; 0 failed; 0 ignored; 0 measured; 0 filtered out; finished in 0.02s
test result: ok. 1 passed; 0 failed; 0 ignored; 0 measured; 0 filtered out; finished in 0.26s
test result: ok. 2 passed; 0 failed; 0 ignored; 0 measured; 0 filtered out; finished in 0.00s
test result: ok. 0 passed; 0 failed; 0 ignored; 0 measured; 0 filtered out; finished in 0.00s
test result: ok. 5 passed; 0 failed; 0 ignored; 0 measured; 0 filtered out; finished in 0.00s
test result: ok. 0 passed; 0 failed; 0 ignored; 0 measured; 0 filtered out; finished in 0.00s
test result: ok. 0 passed; 0 failed; 0 ignored; 0 measured; 0 filtered out; finished in 0.00s
test result: ok. 0 passed; 0 failed; 0 ignored; 0 measured; 0 filtered out; finished in 0.00s
test result: ok. 0 passed; 0 failed; 0 ignored; 0 measured; 0 filtered out; finished in 0.00s
test result: ok. 0 passed; 0 failed; 0 ignored; 0 measured; 0 filtered out; finished in 0.00s
