=== Task 4: auto-re-stage-0 dependency verification ===
Date: 2026-07-17T15:45:12Z

=== Test 1: uuid_v7_sorts (autore-schema) ===
    Finished `test` profile [unoptimized + debuginfo] target(s) in 0.18s
     Running unittests src/lib.rs (target/debug/deps/autore_schema-6020850159bc6005)

running 1 test
test ids::tests::uuid_v7_sorts ... ok

test result: ok. 1 passed; 0 failed; 0 ignored; 0 measured; 84 filtered out; finished in 0.00s


=== Test 2: content_hash_sha256_deterministic (autore-schema) ===
    Finished `test` profile [unoptimized + debuginfo] target(s) in 0.16s
     Running unittests src/lib.rs (target/debug/deps/autore_schema-6020850159bc6005)

running 1 test
test tests::content_hash_sha256_deterministic ... ok

test result: ok. 1 passed; 0 failed; 0 ignored; 0 measured; 84 filtered out; finished in 0.00s


=== Test 3: pty_smoke_compiles (autore-tui) ===
    Finished `test` profile [unoptimized + debuginfo] target(s) in 0.20s
     Running unittests src/lib.rs (target/debug/deps/autore_tui-60ee8ce86b3d3044)

running 0 tests

test result: ok. 0 passed; 0 failed; 0 ignored; 0 measured; 8 filtered out; finished in 0.00s

     Running tests/pty_smoke.rs (target/debug/deps/pty_smoke-93449d5a6175a358)

running 1 test
test pty_smoke_compiles ... ok

test result: ok. 1 passed; 0 failed; 0 ignored; 0 measured; 0 filtered out; finished in 0.28s


=== Test 4: migration_runs_v1_then_v2 (autore-store) ===
    Finished `test` profile [unoptimized + debuginfo] target(s) in 0.18s
     Running unittests src/lib.rs (target/debug/deps/autore_store-97f8f8a6e7f290a2)

running 0 tests

test result: ok. 0 passed; 0 failed; 0 ignored; 0 measured; 16 filtered out; finished in 0.00s

     Running tests/migration_smoke.rs (target/debug/deps/migration_smoke-8ad18ebe5504eabe)

running 1 test
test migration_runs_v1_then_v2 ... ok

test result: ok. 1 passed; 0 failed; 0 ignored; 0 measured; 0 filtered out; finished in 0.01s


=== ALL TESTS COMPLETE ===
