   Compiling autore-app v0.1.0 (/mnt/shanes-ssd-1tb/code/shane/auto-re/autore-app)
    Finished `test` profile [unoptimized + debuginfo] target(s) in 2.47s
     Running unittests src/lib.rs (target/debug/deps/autore_app-5bbff2453ea7a8ed)

running 4 tests
test lifecycle::tests::project_manifest_records_schema_version ... ok
test lifecycle::tests::project_create_layout ... ok
test lifecycle::tests::project_reopen_roundtrips ... ok
test lifecycle::tests::project_close_is_idempotent ... ok

test result: ok. 4 passed; 0 failed; 0 ignored; 0 measured; 0 filtered out; finished in 0.03s

   Doc-tests autore_app

running 0 tests

test result: ok. 0 passed; 0 failed; 0 ignored; 0 measured; 0 filtered out; finished in 0.00s


=== cargo build --workspace ===

=== cargo test -p autore-stage1 ===
    Blocking waiting for file lock on package cache
    Blocking waiting for file lock on package cache
    Blocking waiting for file lock on package cache
    Blocking waiting for file lock on artifact directory
    Finished `dev` profile [unoptimized + debuginfo] target(s) in 0.41s
running 35 tests
test result: ok. 35 passed; 0 failed; 0 ignored; 0 measured; 0 filtered out; finished in 0.30s
running 0 tests
test result: ok. 0 passed; 0 failed; 0 ignored; 0 measured; 0 filtered out; finished in 0.00s
running 4 tests
test result: ok. 4 passed; 0 failed; 0 ignored; 0 measured; 0 filtered out; finished in 0.36s
running 3 tests
test result: ok. 3 passed; 0 failed; 0 ignored; 0 measured; 0 filtered out; finished in 0.99s
running 0 tests
test result: ok. 0 passed; 0 failed; 0 ignored; 0 measured; 0 filtered out; finished in 0.00s
