=== cargo test -p autore-schema ===
    Finished `test` profile [unoptimized + debuginfo] target(s) in 0.17s
     Running unittests src/lib.rs (target/debug/deps/autore_schema-e5e9d2ca6922a04f)

running 141 tests
test domain::campaign::tests::campaign_complete_from_active ... ok
test domain::campaign::tests::campaign_pause_and_resume ... ok
test domain::campaign::tests::campaign_block_and_unblock ... ok
test domain::campaign::tests::campaign_rejects_invalid_transitions ... ok
test domain::campaign::tests::campaign_starts_pending ... ok
test domain::campaign::tests::campaign_start_transitions_to_active ... ok
test domain::claim::tests::claim_add_dependency ... ok
test domain::claim::tests::claim_dependency_deduplicated ... ok
test domain::claim::tests::claim_evidence_is_deduplicated ... ok
test domain::claim::tests::claim_evidence_link ... ok
test domain::campaign::tests::campaign_serialize_roundtrip ... ok
test domain::claim::tests::claim_dependencies_recorded ... ok
test domain::claim::tests::claim_full_acceptance_lifecycle ... ok
test domain::claim::tests::claim_full_rejection_lifecycle ... ok
test domain::claim::tests::claim_rejects_invalid_transitions ... ok
test domain::claim::tests::claim_starts_proposed ... ok
test domain::claim::tests::claim_state_transitions ... ok
test domain::claim::tests::claim_unlink_evidence ... ok
test domain::claim::tests::claim_with_complex_value ... ok
test domain::claim::tests::claims_start_in_proposed_state ... ok
test domain::claim::tests::claim_serialize_roundtrip ... ok
test domain::claim::tests::evidence_links_to_claims ... ok
test domain::claim::tests::worker_output_to_proposed_claims ... ok
test domain::evidence::tests::artifact_id_default_creates_unique ... ok
test domain::evidence::tests::artifact_id_roundtrip ... ok
test domain::evidence::tests::entity_id_display ... ok
test domain::evidence::tests::evidence_constructs ... ok
test domain::evidence::tests::evidence_location_with_address_only ... ok
test domain::evidence::tests::evidence_location_with_path_only ... ok
test domain::evidence::tests::evidence_with_artifact ... ok
test domain::evidence::tests::evidence_without_location ... ok
test domain::evidence::tests::evidence_serialize_roundtrip ... ok
test domain::function::tests::function_bump_revision ... ok
test domain::function::tests::function_lock_and_unlock ... ok
test domain::function::tests::function_new_constructs ... ok
test domain::function::tests::function_rename ... ok
test domain::function::tests::function_with_control_flow_hash ... ok
test domain::task::tests::task_cancel_from_non_terminal ... ok
test domain::task::tests::task_full_lifecycle ... ok
test domain::task::tests::task_dependencies ... ok
test domain::task::tests::task_no_dependencies ... ok
test domain::function::tests::function_serialize_roundtrip ... ok
test domain::task::tests::task_pending_dependencies ... ok
test domain::task::tests::task_priority_display ... ok
test domain::task::tests::task_rejects_invalid_transitions ... ok
test domain::task::tests::task_requeue_exhausts_attempts ... ok
test domain::task::tests::task_starts_pending ... ok
test domain::task::tests::task_required_capabilities_extras ... ok
test domain::task::tests::task_state_transitions ... ok
test domain::tests::address_display_format ... ok
test domain::tests::address_serialize_roundtrip ... ok
test domain::task::tests::task_serialize_roundtrip ... ok
test domain::tests::address_spaces_deserialize ... ok
test domain::tests::address_spaces_deserialize_rejects_invalid ... ok
test domain::tests::address_spaces_serialize ... ok
test domain::tests::confidence_accepts_boundary_values ... ok
test domain::tests::confidence_error_message ... ok
test domain::tests::confidence_deserialize_rejects_out_of_range ... ok
test domain::tests::confidence_rejects_out_of_range ... ok
test domain::tests::confidence_serialize_roundtrip ... ok
test domain::tests::confidence_valid_mid_range ... ok
test domain::tests::content_hash_blake3_deterministic ... ok
test domain::tests::content_hash_display_format ... ok
test domain::tests::content_hash_different_algorithms_differ ... ok
test domain::tests::content_hash_from_bytes_is_blake3 ... ok
test domain::tests::content_hash_fixture_roundtrip ... ok
test domain::tests::content_hash_serialize_roundtrip ... ok
test domain::tests::content_hash_serialize_tagged_format ... ok
test domain::tests::content_hash_sha256_deterministic ... ok
test domain::tests::namespaced_id_deserialize_rejects_invalid ... ok
test domain::tests::namespaced_id_fixture_roundtrip ... ok
test domain::tests::namespaced_id_rejects_backslash ... ok
test domain::tests::namespaced_id_from_segments ... ok
test domain::tests::namespaced_id_rejects_empty ... ok
test domain::tests::namespaced_id_rejects_empty_segment ... ok
test domain::tests::namespaced_id_rejects_leading_dot ... ok
test domain::tests::namespaced_id_rejects_slash ... ok
test domain::tests::namespaced_id_rejects_trailing_dot ... ok
test domain::tests::namespaced_id_rejects_uppercase ... ok
test domain::tests::namespaced_id_rejects_whitespace ... ok
test domain::tests::namespaced_id_serialize_roundtrip ... ok
test domain::tests::namespaced_id_valid_simple ... ok
test domain::tests::namespaced_id_valid_three_segments ... ok
test domain::tests::provenance_agent_serialize_roundtrip ... ok
test domain::tests::provenance_deserialize_rejects_invalid ... ok
test domain::tests::provenances_deserialize ... ok
test domain::tests::provenances_display_and_serialize ... ok
test domain::tests::schema_version_display ... ok
test domain::tests::schema_version_fixture_roundtrip ... ok
test domain::tests::schema_version_serialize_roundtrip ... ok
test domain::tests::symbol_name_construct_and_display ... ok
test domain::tests::symbol_name_serialize_roundtrip ... ok
test domain::tests::timestamp_now_is_valid ... ok
test domain::values::tests::evidence_value_all_12_variants_constructible ... ok
test domain::tests::timestamp_serialize_roundtrip ... ok
test domain::values::tests::binary_location_serialize_roundtrip ... ok
test domain::values::tests::evidence_value_artifact_roundtrip ... ok
test domain::values::tests::evidence_value_boolean_roundtrip ... ok
test domain::values::tests::evidence_value_binary_location_roundtrip ... ok
test domain::values::tests::evidence_value_bytes_roundtrip ... ok
test domain::values::tests::evidence_value_deserialize_rejects_nan_string ... ok
test domain::values::tests::evidence_value_entity_roundtrip ... ok
test domain::values::tests::evidence_value_float_rejects_nan_inf ... ok
test domain::values::tests::evidence_value_extension_roundtrip ... ok
test domain::values::tests::evidence_value_float_roundtrip ... ok
test domain::values::tests::evidence_value_list_roundtrip ... ok
test domain::values::tests::evidence_value_map_fixture_roundtrip ... ok
test domain::values::tests::evidence_value_null_roundtrip ... ok
test domain::values::tests::evidence_value_map_ordering_deterministic ... ok
test domain::values::tests::evidence_value_map_roundtrip ... ok
test domain::values::tests::evidence_value_tagged_format_boolean ... ok
test domain::values::tests::evidence_value_string_roundtrip ... ok
test domain::values::tests::evidence_value_signed_integer_roundtrip ... ok
test domain::values::tests::evidence_value_tagged_format_null ... ok
test domain::values::tests::evidence_value_tagged_format_string ... ok
test domain::values::tests::evidence_value_unsigned_integer_roundtrip ... ok
test domain::values::tests::extension_data_rejects_bad_namespace_on_deserialize ... ok
test domain::values::tests::extension_data_fixture_roundtrip ... ok
test domain::values::tests::extension_data_valid_schema ... ok
test domain::values::tests::extension_data_serialize_roundtrip ... ok
test domain::values::tests::metadata_map_default_is_empty ... ok
test domain::values::tests::metadata_map_deterministic_order ... ok
test domain::values::tests::metadata_map_insert_and_get ... ok
test ids::tests::ids_all_types_constructible ... ok
test domain::values::tests::metadata_map_serialize_roundtrip ... ok
test ids::tests::ids_are_not_interchangeable ... ok
test ids::tests::ids_copy_works ... ok
test ids::tests::ids_default_creates_new_id ... ok
test ids::tests::ids_fixture_project_id_roundtrip ... ok
test ids::tests::ids_from_uuid_roundtrip ... ok
test ids::tests::ids_serialize_and_roundtrip ... ok
test ids::tests::ids_serialize_are_distinct_across_types ... ok
test ids::tests::ids_stage0_roundtrip ... ok
test tests::content_hash_sha256_deterministic ... ok
test worker_output::tests::output_roundtrips_via_json ... ok
test ids::tests::uuid_v7_sorts ... ok
test ids::tests::ids_v7_sort_chronologically ... ok
test ids::tests::ids_v7_lexicographic ... ok
test worker_output::tests::malformed_output_fails_schema ... ok
test worker_output::tests::schema_error_includes_pointer ... ok
test worker_output::tests::valid_output_passes_schema ... ok

test result: ok. 141 passed; 0 failed; 0 ignored; 0 measured; 0 filtered out; finished in 0.32s

   Doc-tests autore_schema

running 0 tests

test result: ok. 0 passed; 0 failed; 0 ignored; 0 measured; 0 filtered out; finished in 0.00s


=== cargo build ===
    Finished `dev` profile [unoptimized + debuginfo] target(s) in 0.21s

=== cargo test -p autore-stage1 ===
    Finished `test` profile [unoptimized + debuginfo] target(s) in 0.24s
     Running unittests src/lib.rs (target/debug/deps/autore_stage1-92b6ad27731d4186)

running 35 tests
test analysis::mock::tests::mock_backend_capabilities ... ok
test analysis::mock::tests::mock_backend_analyze_is_deterministic ... ok
test analysis::mock::tests::mock_backend_inventory_returns_ten_functions ... ok
test analysis::packet::tests::packet_builder_uses_mock_backend ... ok
test analysis::packet::tests::packet_hashes_equal_for_equal_input ... ok
test analysis::mock::tests::unsupported_capability_returns_error ... ok
test cli::tests::cli_no_subcommand_no_tui ... ok
test analysis::packet::tests::packet_is_deterministic ... ok
test model::mock::tests::mock_provider_cancels_on_token ... ok
test analysis::packet::tests::packet_is_serializable ... ok
test model::router::tests::model_router_selects_by_class ... ok
test model::mock::tests::mock_provider_descriptor_capabilities ... ok
test model::router::tests::model_router_errors_on_missing_class ... ok
test scheduler::scheduler::tests::priority_factors_are_inspectable ... ok
test model::mock::tests::mock_provider_complete_returns_valid_json ... ok
test scheduler::scheduler::tests::campaign_tests::scheduler_invalidates_stale_work ... ok
test scheduler::scheduler::tests::campaign_tests::scheduler_respects_dependencies ... ok
test scheduler::scheduler::tests::campaign_tests::scheduler_recovers_expired_lease ... ok
test scheduler::scheduler::tests::campaign_tests::scheduler_evaluates_complete ... ok
test model::mock::tests::mock_provider_lists_models ... ok
test scheduler::scheduler::tests::priority_score_is_stable ... ok
test model::router::tests::model_router_enforces_concurrency_limits ... ok
test cli::tests::cli_task_status_missing_id_errors ... ok
test scheduler::scheduler::tests::priority_score_verification_bonus ... ok
test scheduler::scheduler::tests::campaign_tests::scheduler_idle_sleeps ... ok
test scheduler::scheduler::tests::scheduler_score_tasks_batch ... ok
test cli::tests::cli_campaign_status_with_nonexistent_id ... ok
test cli::tests::cli_campaign_status_runs ... ok
test cli::tests::cli_task_status_nonexistent_id_errors ... ok
test cli::tests::cli_task_status_invalid_uuid_errors ... ok
test cli::tests::cli_task_list_runs ... ok
test worker::runner::tests::worker_times_out ... ok
test worker::runner::tests::worker_cancels_on_token ... ok
test worker::runner::tests::worker_rejects_malformed_schema ... ok
test worker::runner::tests::worker_runs_valid_output_to_claims ... ok

test result: ok. 35 passed; 0 failed; 0 ignored; 0 measured; 0 filtered out; finished in 0.31s

     Running unittests src/main.rs (target/debug/deps/auto_re_stage1-4b5f752e21260a29)

running 0 tests

test result: ok. 0 passed; 0 failed; 0 ignored; 0 measured; 0 filtered out; finished in 0.00s

     Running tests/campaign_smoke.rs (target/debug/deps/campaign_smoke-fcbca14e13fe76e8)

running 4 tests
test campaign_smoke_produces_claims ... ok
test campaign_smoke_analyzes_all_functions ... ok
test campaign_smoke_updates_tui ... ok
test campaign_smoke_completes ... ok

test result: ok. 4 passed; 0 failed; 0 ignored; 0 measured; 0 filtered out; finished in 0.39s

     Running tests/kill_resume.rs (target/debug/deps/kill_resume-e973399c9fcd7c5a)

running 3 tests
test accepted_claims_persist_after_kill ... ok
test campaign_completes_after_resume ... ok
test kill_resume_no_duplicate_claims ... ok

test result: ok. 3 passed; 0 failed; 0 ignored; 0 measured; 0 filtered out; finished in 1.04s

   Doc-tests autore_stage1

running 0 tests

test result: ok. 0 passed; 0 failed; 0 ignored; 0 measured; 0 filtered out; finished in 0.00s

