   Compiling regex-syntax v0.8.11
   Compiling libc v0.2.186
   Compiling rustix v1.1.4
   Compiling memchr v2.8.3
   Compiling serde v1.0.228
   Compiling tracing v0.1.44
   Compiling smallvec v1.15.2
   Compiling thiserror v2.0.18
   Compiling serde_json v1.0.150
   Compiling tracing-serde v0.2.0
   Compiling regex-automata v0.4.16
   Compiling getrandom v0.4.3
   Compiling tempfile v3.27.0
   Compiling matchers v0.2.0
   Compiling tracing-subscriber v0.3.23
   Compiling autore-core v0.1.0 (/mnt/shanes-ssd-1tb/code/shane/auto-re/autore-core)
    Finished `test` profile [unoptimized + debuginfo] target(s) in 9.07s
     Running unittests src/lib.rs (target/debug/deps/autore_core-cefc0e38a118acbc)

running 66 tests
test logging::tests::is_sensitive_field_detects_credential ... ok
test logging::tests::is_sensitive_field_rejects_safe_names ... ok
test logging::tests::is_sensitive_field_detects_key ... ok
test logging::tests::is_sensitive_field_detects_password ... ok
test logging::tests::is_sensitive_field_detects_token ... ok
test logging::tests::is_sensitive_field_detects_secret ... ok
test logging::tests::logging_config_custom ... ok
test logging::tests::logging_config_default ... ok
test logging::tests::no_secret_in_logs_redacts_api_key_field ... ok
test logging::tests::no_secret_in_logs_redacts_password_field ... ok
test logging::tests::panic_hook_restores_terminal ... ok
test logging::tests::redact_if_sensitive_preserves_safe ... ok
test logging::tests::redact_if_sensitive_redacts ... ok
test tests::error_enum_conflict_display ... ok
test tests::error_enum_database_display ... ok
test tests::error_enum_hash_mismatch_display ... ok
test tests::error_enum_invalid_state_transition_display ... ok
test tests::error_enum_io_from_std ... ok
test tests::error_enum_migration_display ... ok
test tests::error_enum_not_found_display ... ok
test tests::error_enum_operation_display ... ok
test tests::error_enum_schema_mismatch_display ... ok
test tests::error_enum_serialization_display ... ok
test tests::error_enum_subscription_display ... ok
test tests::error_enum_unsupported_display ... ok
test tests::error_enum_validation_display ... ok
test logging::tests::logging_json_file_output ... ok
test tests::result_alias_default_error ... ok
test tests::result_alias_explicit_type ... ok
test validation::tests::validate_all_references_exist_all_present ... ok
test logging::tests::no_secret_in_logs_plain_output_redacts ... ok
test validation::tests::validate_all_references_exist_empty_references ... ok
test validation::tests::validate_confidence_accepts_large_value ... ok
test validation::tests::validate_all_references_exist_some_missing ... ok
test validation::tests::validate_confidence_accepts_midpoint ... ok
test validation::tests::validate_confidence_accepts_one ... ok
test validation::tests::validate_confidence_accepts_small_value ... ok
test validation::tests::validate_confidence_accepts_zero ... ok
test validation::tests::validate_confidence_rejects_greater_than_one ... ok
test validation::tests::validate_confidence_rejects_nan ... ok
test validation::tests::validate_confidence_rejects_negative ... ok
test validation::tests::validate_confidence_rejects_negative_infinity ... ok
test validation::tests::validate_confidence_rejects_positive_infinity ... ok
test validation::tests::validate_id_exists_empty_collection ... ok
test validation::tests::validate_id_exists_finds_present_id ... ok
test validation::tests::validate_id_exists_rejects_missing_id ... ok
test validation::tests::validate_namespaced_id_accepts_valid_simple ... ok
test validation::tests::validate_namespaced_id_accepts_valid_with_digits ... ok
test validation::tests::validate_namespaced_id_accepts_valid_with_hyphens ... ok
test validation::tests::validate_namespaced_id_accepts_valid_with_underscores ... ok
test validation::tests::validate_namespaced_id_rejects_empty_identifier ... ok
test validation::tests::validate_namespaced_id_rejects_empty_namespace ... ok
test validation::tests::validate_namespaced_id_rejects_multiple_dots ... ok
test validation::tests::validate_namespaced_id_rejects_no_dot ... ok
test validation::tests::validate_namespaced_id_rejects_special_chars_in_namespace ... ok
test validation::tests::validate_namespaced_id_rejects_uppercase_identifier ... ok
test validation::tests::validate_namespaced_id_rejects_uppercase_namespace ... ok
test validation::tests::validate_no_cycle_accepts_dag ... ok
test validation::tests::validate_no_cycle_accepts_empty_graph ... ok
test validation::tests::validate_no_cycle_accepts_single_node ... ok
test validation::tests::validate_no_cycle_accepts_linear_chain ... ok
test validation::tests::validate_no_cycle_accepts_tree ... ok
test validation::tests::validate_no_cycle_rejects_invalid_edge_index ... ok
test validation::tests::validate_no_cycle_rejects_cycle_in_component ... ok
test validation::tests::validate_no_cycle_rejects_self_loop ... ok
test validation::tests::validate_no_cycle_rejects_simple_cycle ... ok

test result: ok. 66 passed; 0 failed; 0 ignored; 0 measured; 0 filtered out; finished in 0.00s

   Doc-tests autore_core

running 5 tests
test autore-core/src/validation.rs - validation::validate_all_references_exist (line 278) ... FAILED
test autore-core/src/validation.rs - validation::validate_confidence_range (line 130) ... ok
test autore-core/src/validation.rs - validation::validate_namespaced_id (line 62) ... ok
test autore-core/src/validation.rs - validation::validate_id_exists (line 27) ... ok
test autore-core/src/validation.rs - validation::validate_no_cycle (line 180) ... ok

failures:

---- autore-core/src/validation.rs - validation::validate_all_references_exist (line 278) stdout ----
error[E0433]: cannot find type `HashSet` in this scope
   --> autore-core/src/validation.rs:282:17
    |
282 | let available = HashSet::from(["id-1", "id-2", "id-3"]);
    |                 ^^^^^^^ use of undeclared type `HashSet`
    |
help: consider importing this struct
    |
277 + use std::collections::HashSet;
    |

error: aborting due to 1 previous error

For more information about this error, try `rustc --explain E0433`.
Couldn't compile the test.

failures:
    autore-core/src/validation.rs - validation::validate_all_references_exist (line 278)

test result: FAILED. 4 passed; 1 failed; 0 ignored; 0 measured; 0 filtered out; finished in 0.63s

all doctests ran in 0.71s; merged doctests compilation took 0.08s
error: doctest failed, to rerun pass `-p autore-core --doc`
   Compiling autore-core v0.1.0 (/mnt/shanes-ssd-1tb/code/shane/auto-re/autore-core)
    Finished `test` profile [unoptimized + debuginfo] target(s) in 1.09s
     Running unittests src/lib.rs (target/debug/deps/autore_core-cefc0e38a118acbc)

running 66 tests
test logging::tests::is_sensitive_field_detects_key ... ok
test logging::tests::is_sensitive_field_detects_credential ... ok
test logging::tests::is_sensitive_field_detects_secret ... ok
test logging::tests::is_sensitive_field_detects_password ... ok
test logging::tests::logging_config_custom ... ok
test logging::tests::is_sensitive_field_rejects_safe_names ... ok
test logging::tests::is_sensitive_field_detects_token ... ok
test logging::tests::logging_config_default ... ok
test logging::tests::no_secret_in_logs_redacts_api_key_field ... ok
test logging::tests::no_secret_in_logs_redacts_password_field ... ok
test logging::tests::panic_hook_restores_terminal ... ok
test logging::tests::redact_if_sensitive_preserves_safe ... ok
test logging::tests::redact_if_sensitive_redacts ... ok
test tests::error_enum_conflict_display ... ok
test tests::error_enum_database_display ... ok
test tests::error_enum_hash_mismatch_display ... ok
test tests::error_enum_invalid_state_transition_display ... ok
test tests::error_enum_io_from_std ... ok
test tests::error_enum_migration_display ... ok
test tests::error_enum_not_found_display ... ok
test tests::error_enum_operation_display ... ok
test logging::tests::logging_json_file_output ... ok
test tests::error_enum_schema_mismatch_display ... ok
test logging::tests::no_secret_in_logs_plain_output_redacts ... ok
test tests::error_enum_serialization_display ... ok
test tests::error_enum_subscription_display ... ok
test tests::error_enum_unsupported_display ... ok
test tests::error_enum_validation_display ... ok
test tests::result_alias_default_error ... ok
test tests::result_alias_explicit_type ... ok
test validation::tests::validate_all_references_exist_all_present ... ok
test validation::tests::validate_all_references_exist_empty_references ... ok
test validation::tests::validate_all_references_exist_some_missing ... ok
test validation::tests::validate_confidence_accepts_large_value ... ok
test validation::tests::validate_confidence_accepts_midpoint ... ok
test validation::tests::validate_confidence_accepts_one ... ok
test validation::tests::validate_confidence_accepts_small_value ... ok
test validation::tests::validate_confidence_accepts_zero ... ok
test validation::tests::validate_confidence_rejects_greater_than_one ... ok
test validation::tests::validate_confidence_rejects_nan ... ok
test validation::tests::validate_confidence_rejects_negative ... ok
test validation::tests::validate_confidence_rejects_negative_infinity ... ok
test validation::tests::validate_confidence_rejects_positive_infinity ... ok
test validation::tests::validate_id_exists_empty_collection ... ok
test validation::tests::validate_id_exists_finds_present_id ... ok
test validation::tests::validate_id_exists_rejects_missing_id ... ok
test validation::tests::validate_namespaced_id_accepts_valid_simple ... ok
test validation::tests::validate_namespaced_id_accepts_valid_with_digits ... ok
test validation::tests::validate_namespaced_id_accepts_valid_with_hyphens ... ok
test validation::tests::validate_namespaced_id_accepts_valid_with_underscores ... ok
test validation::tests::validate_namespaced_id_rejects_empty_identifier ... ok
test validation::tests::validate_namespaced_id_rejects_empty_namespace ... ok
test validation::tests::validate_namespaced_id_rejects_multiple_dots ... ok
test validation::tests::validate_namespaced_id_rejects_no_dot ... ok
test validation::tests::validate_namespaced_id_rejects_special_chars_in_namespace ... ok
test validation::tests::validate_namespaced_id_rejects_uppercase_identifier ... ok
test validation::tests::validate_namespaced_id_rejects_uppercase_namespace ... ok
test validation::tests::validate_no_cycle_accepts_dag ... ok
test validation::tests::validate_no_cycle_accepts_empty_graph ... ok
test validation::tests::validate_no_cycle_accepts_linear_chain ... ok
test validation::tests::validate_no_cycle_accepts_single_node ... ok
test validation::tests::validate_no_cycle_accepts_tree ... ok
test validation::tests::validate_no_cycle_rejects_cycle_in_component ... ok
test validation::tests::validate_no_cycle_rejects_invalid_edge_index ... ok
test validation::tests::validate_no_cycle_rejects_self_loop ... ok
test validation::tests::validate_no_cycle_rejects_simple_cycle ... ok

test result: ok. 66 passed; 0 failed; 0 ignored; 0 measured; 0 filtered out; finished in 0.00s

   Doc-tests autore_core

running 5 tests
test autore-core/src/validation.rs - validation::validate_all_references_exist (line 278) ... ok
test autore-core/src/validation.rs - validation::validate_id_exists (line 27) ... ok
test autore-core/src/validation.rs - validation::validate_confidence_range (line 130) ... ok
test autore-core/src/validation.rs - validation::validate_namespaced_id (line 62) ... ok
test autore-core/src/validation.rs - validation::validate_no_cycle (line 180) ... ok

test result: ok. 5 passed; 0 failed; 0 ignored; 0 measured; 0 filtered out; finished in 0.00s

all doctests ran in 0.91s; merged doctests compilation took 0.91s
    Blocking waiting for file lock on package cache
    Blocking waiting for file lock on package cache
    Blocking waiting for file lock on package cache
    Blocking waiting for file lock on package cache
    Blocking waiting for file lock on package cache
    Blocking waiting for file lock on package cache
    Blocking waiting for file lock on artifact directory
   Compiling autore-core v0.1.0 (/mnt/shanes-ssd-1tb/code/shane/auto-re/autore-core)
   Compiling autore-events v0.1.0 (/mnt/shanes-ssd-1tb/code/shane/auto-re/autore-events)
   Compiling jsonschema v0.33.0
   Compiling refinery-core v0.9.2
   Compiling ratatui v0.30.2
   Compiling refinery v0.9.2
   Compiling autore-schema v0.1.0 (/mnt/shanes-ssd-1tb/code/shane/auto-re/autore-schema)
   Compiling autore-store v0.1.0 (/mnt/shanes-ssd-1tb/code/shane/auto-re/autore-store)
   Compiling autore-tui v0.1.0 (/mnt/shanes-ssd-1tb/code/shane/auto-re/autore-tui)
   Compiling autore-stage1 v0.1.0 (/mnt/shanes-ssd-1tb/code/shane/auto-re/autore-stage1)
   Compiling autore-app v0.1.0 (/mnt/shanes-ssd-1tb/code/shane/auto-re/autore-app)
    Finished `dev` profile [unoptimized + debuginfo] target(s) in 12.49s
   Compiling tower v0.5.3
   Compiling hyper v1.10.1
   Compiling ratatui-crossterm v0.1.2
   Compiling ratatui v0.30.2
   Compiling tower-http v0.6.11
   Compiling hyper-util v0.1.20
   Compiling reqwest v0.12.28
   Compiling jsonschema v0.33.0
   Compiling autore-schema v0.1.0 (/mnt/shanes-ssd-1tb/code/shane/auto-re/autore-schema)
   Compiling autore-tui v0.1.0 (/mnt/shanes-ssd-1tb/code/shane/auto-re/autore-tui)
   Compiling autore-store v0.1.0 (/mnt/shanes-ssd-1tb/code/shane/auto-re/autore-store)
   Compiling autore-app v0.1.0 (/mnt/shanes-ssd-1tb/code/shane/auto-re/autore-app)
    Finished `dev` profile [unoptimized + debuginfo] target(s) in 23.37s
   Compiling autore-events v0.1.0 (/mnt/shanes-ssd-1tb/code/shane/auto-re/autore-events)
   Compiling ratatui v0.30.2
   Compiling autore-tui v0.1.0 (/mnt/shanes-ssd-1tb/code/shane/auto-re/autore-tui)
   Compiling autore-stage1 v0.1.0 (/mnt/shanes-ssd-1tb/code/shane/auto-re/autore-stage1)
    Finished `test` profile [unoptimized + debuginfo] target(s) in 8.91s
     Running unittests src/lib.rs (target/debug/deps/autore_stage1-aad6794fb2232e1c)

running 35 tests
test analysis::mock::tests::mock_backend_capabilities ... ok
test analysis::packet::tests::packet_builder_uses_mock_backend ... ok
test analysis::mock::tests::mock_backend_analyze_is_deterministic ... ok
test cli::tests::cli_no_subcommand_no_tui ... ok
test analysis::mock::tests::unsupported_capability_returns_error ... ok
test analysis::mock::tests::mock_backend_inventory_returns_ten_functions ... ok
test analysis::packet::tests::packet_hashes_equal_for_equal_input ... ok
test analysis::packet::tests::packet_is_deterministic ... ok
test analysis::packet::tests::packet_is_serializable ... ok
test model::mock::tests::mock_provider_cancels_on_token ... ok
test model::router::tests::model_router_enforces_concurrency_limits ... ok
test model::mock::tests::mock_provider_descriptor_capabilities ... ok
test model::mock::tests::mock_provider_lists_models ... ok
test scheduler::scheduler::tests::priority_score_is_stable ... ok
test model::mock::tests::mock_provider_complete_returns_valid_json ... ok
test scheduler::scheduler::tests::priority_factors_are_inspectable ... ok
test scheduler::scheduler::tests::campaign_tests::scheduler_evaluates_complete ... ok
test scheduler::scheduler::tests::campaign_tests::scheduler_idle_sleeps ... ok
test model::router::tests::model_router_errors_on_missing_class ... ok
test scheduler::scheduler::tests::campaign_tests::scheduler_recovers_expired_lease ... ok
test scheduler::scheduler::tests::campaign_tests::scheduler_invalidates_stale_work ... ok
test model::router::tests::model_router_selects_by_class ... ok
test scheduler::scheduler::tests::campaign_tests::scheduler_respects_dependencies ... ok
test cli::tests::cli_task_status_missing_id_errors ... ok
test scheduler::scheduler::tests::priority_score_verification_bonus ... ok
test scheduler::scheduler::tests::scheduler_score_tasks_batch ... ok
test cli::tests::cli_task_list_runs ... ok
test cli::tests::cli_task_status_invalid_uuid_errors ... ok
test cli::tests::cli_campaign_status_runs ... ok
test cli::tests::cli_task_status_nonexistent_id_errors ... ok
test cli::tests::cli_campaign_status_with_nonexistent_id ... ok
test worker::runner::tests::worker_times_out ... ok
test worker::runner::tests::worker_cancels_on_token ... ok
test worker::runner::tests::worker_rejects_malformed_schema ... ok
test worker::runner::tests::worker_runs_valid_output_to_claims ... ok

test result: ok. 35 passed; 0 failed; 0 ignored; 0 measured; 0 filtered out; finished in 0.29s

     Running unittests src/main.rs (target/debug/deps/auto_re_stage1-0cba03f1af8485cc)

running 0 tests

test result: ok. 0 passed; 0 failed; 0 ignored; 0 measured; 0 filtered out; finished in 0.00s

     Running tests/campaign_smoke.rs (target/debug/deps/campaign_smoke-bdc8f34a76dbaa98)

running 4 tests
test campaign_smoke_produces_claims ... ok
test campaign_smoke_completes ... ok
test campaign_smoke_updates_tui ... ok
test campaign_smoke_analyzes_all_functions ... ok

test result: ok. 4 passed; 0 failed; 0 ignored; 0 measured; 0 filtered out; finished in 0.38s

     Running tests/kill_resume.rs (target/debug/deps/kill_resume-e4dc77e1e0c28b9a)

running 3 tests
test kill_resume_no_duplicate_claims ... ok
test accepted_claims_persist_after_kill ... ok
test campaign_completes_after_resume ... ok

test result: ok. 3 passed; 0 failed; 0 ignored; 0 measured; 0 filtered out; finished in 0.99s

   Doc-tests autore_stage1

running 0 tests

test result: ok. 0 passed; 0 failed; 0 ignored; 0 measured; 0 filtered out; finished in 0.00s

   Compiling autore-core v0.1.0 (/mnt/shanes-ssd-1tb/code/shane/auto-re/autore-core)
    Finished `test` profile [unoptimized + debuginfo] target(s) in 1.33s
     Running unittests src/lib.rs (target/debug/deps/autore_core-cefc0e38a118acbc)

running 66 tests
test logging::tests::is_sensitive_field_detects_secret ... ok
test logging::tests::is_sensitive_field_detects_key ... ok
test logging::tests::is_sensitive_field_detects_credential ... ok
test logging::tests::is_sensitive_field_detects_password ... ok
test logging::tests::is_sensitive_field_detects_token ... ok
test logging::tests::is_sensitive_field_rejects_safe_names ... ok
test logging::tests::logging_config_default ... ok
test logging::tests::logging_config_custom ... ok
test logging::tests::no_secret_in_logs_redacts_api_key_field ... ok
test logging::tests::no_secret_in_logs_redacts_password_field ... ok
test logging::tests::panic_hook_restores_terminal ... ok
test logging::tests::redact_if_sensitive_preserves_safe ... ok
test logging::tests::redact_if_sensitive_redacts ... ok
test tests::error_enum_conflict_display ... ok
test tests::error_enum_database_display ... ok
test tests::error_enum_hash_mismatch_display ... ok
test tests::error_enum_invalid_state_transition_display ... ok
test tests::error_enum_io_from_std ... ok
test tests::error_enum_migration_display ... ok
test tests::error_enum_not_found_display ... ok
test tests::error_enum_operation_display ... ok
test tests::error_enum_schema_mismatch_display ... ok
test logging::tests::logging_json_file_output ... ok
test tests::error_enum_serialization_display ... ok
test logging::tests::no_secret_in_logs_plain_output_redacts ... ok
test tests::error_enum_subscription_display ... ok
test tests::error_enum_unsupported_display ... ok
test tests::error_enum_validation_display ... ok
test tests::result_alias_default_error ... ok
test tests::result_alias_explicit_type ... ok
test validation::tests::validate_all_references_exist_all_present ... ok
test validation::tests::validate_all_references_exist_empty_references ... ok
test validation::tests::validate_all_references_exist_some_missing ... ok
test validation::tests::validate_confidence_accepts_large_value ... ok
test validation::tests::validate_confidence_accepts_midpoint ... ok
test validation::tests::validate_confidence_accepts_one ... ok
test validation::tests::validate_confidence_accepts_small_value ... ok
test validation::tests::validate_confidence_accepts_zero ... ok
test validation::tests::validate_confidence_rejects_greater_than_one ... ok
test validation::tests::validate_confidence_rejects_nan ... ok
test validation::tests::validate_confidence_rejects_negative ... ok
test validation::tests::validate_confidence_rejects_negative_infinity ... ok
test validation::tests::validate_confidence_rejects_positive_infinity ... ok
test validation::tests::validate_id_exists_empty_collection ... ok
test validation::tests::validate_id_exists_finds_present_id ... ok
test validation::tests::validate_id_exists_rejects_missing_id ... ok
test validation::tests::validate_namespaced_id_accepts_valid_simple ... ok
test validation::tests::validate_namespaced_id_accepts_valid_with_digits ... ok
test validation::tests::validate_namespaced_id_accepts_valid_with_hyphens ... ok
test validation::tests::validate_namespaced_id_accepts_valid_with_underscores ... ok
test validation::tests::validate_namespaced_id_rejects_empty_identifier ... ok
test validation::tests::validate_namespaced_id_rejects_empty_namespace ... ok
test validation::tests::validate_namespaced_id_rejects_multiple_dots ... ok
test validation::tests::validate_namespaced_id_rejects_no_dot ... ok
test validation::tests::validate_namespaced_id_rejects_special_chars_in_namespace ... ok
test validation::tests::validate_namespaced_id_rejects_uppercase_identifier ... ok
test validation::tests::validate_namespaced_id_rejects_uppercase_namespace ... ok
test validation::tests::validate_no_cycle_accepts_dag ... ok
test validation::tests::validate_no_cycle_accepts_empty_graph ... ok
test validation::tests::validate_no_cycle_accepts_linear_chain ... ok
test validation::tests::validate_no_cycle_accepts_single_node ... ok
test validation::tests::validate_no_cycle_accepts_tree ... ok
test validation::tests::validate_no_cycle_rejects_cycle_in_component ... ok
test validation::tests::validate_no_cycle_rejects_invalid_edge_index ... ok
test validation::tests::validate_no_cycle_rejects_self_loop ... ok
test validation::tests::validate_no_cycle_rejects_simple_cycle ... ok

test result: ok. 66 passed; 0 failed; 0 ignored; 0 measured; 0 filtered out; finished in 0.00s

   Doc-tests autore_core

running 5 tests
test autore-core/src/validation.rs - validation::validate_id_exists (line 27) ... ok
test autore-core/src/validation.rs - validation::validate_confidence_range (line 130) ... ok
test autore-core/src/validation.rs - validation::validate_all_references_exist (line 278) ... ok
test autore-core/src/validation.rs - validation::validate_namespaced_id (line 62) ... ok
test autore-core/src/validation.rs - validation::validate_no_cycle (line 180) ... ok

test result: ok. 5 passed; 0 failed; 0 ignored; 0 measured; 0 filtered out; finished in 0.00s

all doctests ran in 0.90s; merged doctests compilation took 0.90s
    Blocking waiting for file lock on package cache
    Blocking waiting for file lock on package cache
    Blocking waiting for file lock on package cache
    Blocking waiting for file lock on package cache
    Blocking waiting for file lock on package cache
    Blocking waiting for file lock on package cache
    Blocking waiting for file lock on artifact directory
   Compiling autore-core v0.1.0 (/mnt/shanes-ssd-1tb/code/shane/auto-re/autore-core)
   Compiling autore-schema v0.1.0 (/mnt/shanes-ssd-1tb/code/shane/auto-re/autore-schema)
   Compiling autore-store v0.1.0 (/mnt/shanes-ssd-1tb/code/shane/auto-re/autore-store)
   Compiling autore-tui v0.1.0 (/mnt/shanes-ssd-1tb/code/shane/auto-re/autore-tui)
   Compiling autore-stage1 v0.1.0 (/mnt/shanes-ssd-1tb/code/shane/auto-re/autore-stage1)
   Compiling autore-app v0.1.0 (/mnt/shanes-ssd-1tb/code/shane/auto-re/autore-app)
    Finished `dev` profile [unoptimized + debuginfo] target(s) in 6.68s
   Compiling autore-tui v0.1.0 (/mnt/shanes-ssd-1tb/code/shane/auto-re/autore-tui)
   Compiling autore-stage1 v0.1.0 (/mnt/shanes-ssd-1tb/code/shane/auto-re/autore-stage1)
    Finished `test` profile [unoptimized + debuginfo] target(s) in 13.00s
     Running unittests src/lib.rs (target/debug/deps/autore_stage1-aad6794fb2232e1c)

running 35 tests
test analysis::mock::tests::mock_backend_capabilities ... ok
test analysis::mock::tests::unsupported_capability_returns_error ... ok
test analysis::packet::tests::packet_builder_uses_mock_backend ... ok
test analysis::mock::tests::mock_backend_inventory_returns_ten_functions ... ok
test analysis::mock::tests::mock_backend_analyze_is_deterministic ... ok
test cli::tests::cli_no_subcommand_no_tui ... ok
test analysis::packet::tests::packet_hashes_equal_for_equal_input ... ok
test analysis::packet::tests::packet_is_deterministic ... ok
test analysis::packet::tests::packet_is_serializable ... ok
test model::mock::tests::mock_provider_cancels_on_token ... ok
test model::mock::tests::mock_provider_descriptor_capabilities ... ok
test model::router::tests::model_router_errors_on_missing_class ... ok
test model::mock::tests::mock_provider_lists_models ... ok
test scheduler::scheduler::tests::priority_factors_are_inspectable ... ok
test scheduler::scheduler::tests::campaign_tests::scheduler_evaluates_complete ... ok
test model::mock::tests::mock_provider_complete_returns_valid_json ... ok
test scheduler::scheduler::tests::campaign_tests::scheduler_recovers_expired_lease ... ok
test scheduler::scheduler::tests::priority_score_is_stable ... ok
test scheduler::scheduler::tests::campaign_tests::scheduler_invalidates_stale_work ... ok
test scheduler::scheduler::tests::campaign_tests::scheduler_respects_dependencies ... ok
test model::router::tests::model_router_enforces_concurrency_limits ... ok
test cli::tests::cli_task_status_missing_id_errors ... ok
test model::router::tests::model_router_selects_by_class ... ok
test scheduler::scheduler::tests::priority_score_verification_bonus ... ok
test scheduler::scheduler::tests::scheduler_score_tasks_batch ... ok
test scheduler::scheduler::tests::campaign_tests::scheduler_idle_sleeps ... ok
test cli::tests::cli_campaign_status_runs ... ok
test cli::tests::cli_task_status_invalid_uuid_errors ... ok
test cli::tests::cli_campaign_status_with_nonexistent_id ... ok
test cli::tests::cli_task_list_runs ... ok
test cli::tests::cli_task_status_nonexistent_id_errors ... ok
test worker::runner::tests::worker_cancels_on_token ... ok
test worker::runner::tests::worker_times_out ... ok
test worker::runner::tests::worker_runs_valid_output_to_claims ... ok
test worker::runner::tests::worker_rejects_malformed_schema ... ok

test result: ok. 35 passed; 0 failed; 0 ignored; 0 measured; 0 filtered out; finished in 0.29s

     Running unittests src/main.rs (target/debug/deps/auto_re_stage1-0cba03f1af8485cc)

running 0 tests

test result: ok. 0 passed; 0 failed; 0 ignored; 0 measured; 0 filtered out; finished in 0.00s

     Running tests/campaign_smoke.rs (target/debug/deps/campaign_smoke-bdc8f34a76dbaa98)

running 4 tests
test campaign_smoke_produces_claims ... ok
test campaign_smoke_completes ... ok
test campaign_smoke_updates_tui ... ok
test campaign_smoke_analyzes_all_functions ... ok

test result: ok. 4 passed; 0 failed; 0 ignored; 0 measured; 0 filtered out; finished in 0.35s

     Running tests/kill_resume.rs (target/debug/deps/kill_resume-e4dc77e1e0c28b9a)

running 3 tests
test kill_resume_no_duplicate_claims ... ok
test accepted_claims_persist_after_kill ... ok
test campaign_completes_after_resume ... ok

test result: ok. 3 passed; 0 failed; 0 ignored; 0 measured; 0 filtered out; finished in 0.98s

   Doc-tests autore_stage1

running 0 tests

test result: ok. 0 passed; 0 failed; 0 ignored; 0 measured; 0 filtered out; finished in 0.00s

