=== Task 28 Evidence: TUI State Remap ===

=== Acceptance Tests ===
    Finished `test` profile [unoptimized + debuginfo] target(s) in 0.23s
     Running unittests src/lib.rs (target/debug/deps/autore_tui-fb720a627abea790)

running 7 tests
test tui::tests::tui_dashboard_quits_on_q ... ok
test tui::tests::tui_dashboard_navigation ... ok
test tui::tests::tui_state_no_direct_db ... ok
test tui::tests::tui_state_renders_empty ... ok
test tui::tests::tui_startup_renders_empty ... ok
test tui::tests::tui_dashboard_renders ... ok
test tui::tests::tui_dashboard_shows_projects ... ok

test result: ok. 7 passed; 0 failed; 0 ignored; 0 measured; 4 filtered out; finished in 0.01s

     Running tests/pty_smoke.rs (target/debug/deps/pty_smoke-a4873ed33d575bb1)

running 0 tests

test result: ok. 0 passed; 0 failed; 0 ignored; 0 measured; 1 filtered out; finished in 0.00s

     Running tests/regression.rs (target/debug/deps/regression-d1544c9d64e4b6ac)

running 0 tests

test result: ok. 0 passed; 0 failed; 0 ignored; 0 measured; 2 filtered out; finished in 0.00s

   Doc-tests autore_tui

running 0 tests

test result: ok. 0 passed; 0 failed; 0 ignored; 0 measured; 0 filtered out; finished in 0.00s


=== Grep check: no rusqlite or Database in autore-tui/src ===
grep exit code: 1

=== Clippy -p autore-tui ===
    Finished `dev` profile [unoptimized + debuginfo] target(s) in 0.29s

=== Full workspace tests ===
test result: ok. 21 passed; 0 failed; 0 ignored; 0 measured; 0 filtered out; finished in 0.17s
test result: ok. 0 passed; 0 failed; 0 ignored; 0 measured; 0 filtered out; finished in 0.00s
test result: ok. 19 passed; 0 failed; 0 ignored; 0 measured; 0 filtered out; finished in 0.22s
test result: ok. 74 passed; 0 failed; 0 ignored; 0 measured; 0 filtered out; finished in 0.00s
test result: ok. 12 passed; 0 failed; 0 ignored; 0 measured; 0 filtered out; finished in 0.06s
test result: ok. 248 passed; 0 failed; 0 ignored; 0 measured; 0 filtered out; finished in 0.29s
test result: ok. 158 passed; 0 failed; 0 ignored; 0 measured; 0 filtered out; finished in 1.00s
test result: ok. 1 passed; 0 failed; 0 ignored; 0 measured; 0 filtered out; finished in 0.02s
test result: ok. 11 passed; 0 failed; 0 ignored; 0 measured; 0 filtered out; finished in 0.00s
test result: ok. 1 passed; 0 failed; 0 ignored; 0 measured; 0 filtered out; finished in 0.25s
test result: ok. 2 passed; 0 failed; 0 ignored; 0 measured; 0 filtered out; finished in 0.00s
test result: ok. 0 passed; 0 failed; 0 ignored; 0 measured; 0 filtered out; finished in 0.00s
test result: ok. 5 passed; 0 failed; 0 ignored; 0 measured; 0 filtered out; finished in 0.00s
test result: ok. 0 passed; 0 failed; 0 ignored; 0 measured; 0 filtered out; finished in 0.00s
test result: ok. 0 passed; 0 failed; 0 ignored; 0 measured; 0 filtered out; finished in 0.00s
test result: ok. 0 passed; 0 failed; 0 ignored; 0 measured; 0 filtered out; finished in 0.00s
test result: ok. 0 passed; 0 failed; 0 ignored; 0 measured; 0 filtered out; finished in 0.00s
